> Task :buildSrc:extractPluginRequests UP-TO-DATE
> Task :buildSrc:generatePluginAdapters UP-TO-DATE
> Task :buildSrc:compileJava UP-TO-DATE
> Task :buildSrc:compileGroovy NO-SOURCE
> Task :buildSrc:compileGroovyPlugins UP-TO-DATE
> Task :buildSrc:pluginDescriptors UP-TO-DATE
> Task :buildSrc:processResources UP-TO-DATE
> Task :buildSrc:classes UP-TO-DATE
> Task :buildSrc:jar UP-TO-DATE
> Task :buildSrc:assemble UP-TO-DATE
> Task :buildSrc:compileTestJava NO-SOURCE
> Task :buildSrc:compileTestGroovy NO-SOURCE
> Task :buildSrc:pluginUnderTestMetadata UP-TO-DATE
> Task :buildSrc:processTestResources NO-SOURCE
> Task :buildSrc:testClasses UP-TO-DATE
> Task :buildSrc:test NO-SOURCE
> Task :buildSrc:validatePlugins UP-TO-DATE
> Task :buildSrc:check UP-TO-DATE
> Task :buildSrc:build UP-TO-DATE
> Task :server:compileJava UP-TO-DATE
> Task :server:processResources UP-TO-DATE
> Task :server:classes UP-TO-DATE
> Task :server:resolveMainClassName UP-TO-DATE

> Task :server:bootRun

  .   ____          _            __ _ _
 /\\ / ___'_ __ _ _(_)_ __  __ _ \ \ \ \
( ( )\___ | '_ | '_| | '_ \/ _` | \ \ \ \
 \\/  ___)| |_)| | | | | || (_| |  ) ) ) )
  '  |____| .__|_| |_|_| |_\__, | / / / /
 =========|_|==============|___/=/_/_/_/
 :: Spring Boot ::               (v3.2.10)

2025-11-22 11:23:26 - Starting ServerApplication using Java 17.0.17 with PID 77107 (/Users/rferrel/git_projects/java-employee-challenge/server/build/classes/java/main started by rferrel in /Users/rferrel/git_projects/java-employee-challenge/server)
2025-11-22 11:23:26 - Running with Spring Boot v3.2.10, Spring v6.1.13
2025-11-22 11:23:26 - No active profile set, falling back to 1 default profile: "default"
2025-11-22 11:23:26 - Tomcat initialized with port 8112 (http)
2025-11-22 11:23:26 - Starting service [Tomcat]
2025-11-22 11:23:26 - Starting Servlet engine: [Apache Tomcat/10.1.30]
2025-11-22 11:23:26 - Initializing Spring embedded WebApplicationContext
2025-11-22 11:23:26 - Root WebApplicationContext: initialization completed in 303 ms
2025-11-22 11:23:26 - Created employee: MockEmployee(id=7db29887-1838-4476-af49-01ab80102c63, name=Tashina Hane, salary=279194, age=52, title=Real-Estate Designer, email=bitwolf@company.com)
2025-11-22 11:23:26 - Created employee: MockEmployee(id=dea17840-acfd-4771-ba40-9f2c97bb25f5, name=Hoyt Jerde, salary=99172, age=38, title=Government Producer, email=holdlamis@company.com)
2025-11-22 11:23:26 - Created employee: MockEmployee(id=da609e29-503c-4e37-8184-0dab5be3f54c, name=Janina Konopelski III, salary=393131, age=48, title=IT Supervisor, email=fixsan@company.com)
2025-11-22 11:23:26 - Created employee: MockEmployee(id=dc6bd0a0-5718-4227-b731-766e28763aa9, name=Tatum Prohaska, salary=246712, age=50, title=Education Agent, email=holdlamis@company.com)
2025-11-22 11:23:26 - Created employee: MockEmployee(id=ca8bab95-7b3f-4315-b1ba-7413f59c68f9, name=Herman Kuhlman MD, salary=266669, age=24, title=National Government Engineer, email=prodder@company.com)
2025-11-22 11:23:26 - Created employee: MockEmployee(id=8df832b0-a16e-4142-83e0-a826078de872, name=Mrs. Spencer Mills, salary=482346, age=17, title=Internal Farming Analyst, email=tori_the_taurus@company.com)
2025-11-22 11:23:26 - Created employee: MockEmployee(id=0f1f2bce-e4ee-490e-8cc3-0d2356a76b22, name=Augustine Mann, salary=85919, age=59, title=Forward Farming Producer, email=prodder@company.com)
2025-11-22 11:23:26 - Created employee: MockEmployee(id=474fbd24-c95b-4462-9444-363bb04fe5d6, name=Loree Funk, salary=493526, age=67, title=Principal Executive, email=flowdesk@company.com)
2025-11-22 11:23:26 - Created employee: MockEmployee(id=81257ebb-31a6-4d7b-b6a7-6ea634bc61c0, name=Rubye Windler, salary=429597, age=27, title=Customer Retail Specialist, email=lotstring@company.com)
2025-11-22 11:23:26 - Created employee: MockEmployee(id=0c0a1dc3-9e7d-4aa2-b87f-95faf61fa074, name=Keenan Huels, salary=442751, age=36, title=Product Technician, email=livlaughlo@company.com)
2025-11-22 11:23:26 - Created employee: MockEmployee(id=00ed8400-cd7a-4692-a7f1-26b9193e5dac, name=Micah Heaney IV, salary=142268, age=54, title=Product Associate, email=fixsan@company.com)
2025-11-22 11:23:26 - Created employee: MockEmployee(id=068fa80e-f635-4fe0-aeaa-e563e50613c6, name=Mrs. Everett Lowe, salary=56554, age=45, title=Senior Liaison, email=northernlightz@company.com)
2025-11-22 11:23:26 - Created employee: MockEmployee(id=c7cc7588-cf97-4756-9691-63099fdcaf33, name=Stanford Wisozk, salary=158159, age=26, title=Banking Liaison, email=bitwolf@company.com)
2025-11-22 11:23:26 - Created employee: MockEmployee(id=09891f7e-e5d7-4aa8-8e4e-672bd7fd65a0, name=Mariano Haley, salary=123299, age=41, title=Future Producer, email=cardify@company.com)
2025-11-22 11:23:26 - Created employee: MockEmployee(id=a5360d42-22f1-40ee-b94d-3f741be9aaa6, name=Daniele Flatley, salary=122735, age=42, title=Future Administrator, email=teejay_thompson@company.com)
2025-11-22 11:23:26 - Created employee: MockEmployee(id=4b923a4f-932c-4101-b307-36bd3356cab3, name=Peggie Armstrong, salary=421845, age=25, title=Corporate Technology Engineer, email=northernlightz@company.com)
2025-11-22 11:23:26 - Created employee: MockEmployee(id=09e52c59-4dae-41c5-8af9-e140e541830d, name=Chet White, salary=385021, age=67, title=Accounting Associate, email=bitchip@company.com)
2025-11-22 11:23:26 - Created employee: MockEmployee(id=bf3a1c7a-5ab6-448a-9aa5-5a719f221d83, name=Jaime Howell, salary=470772, age=26, title=Future Director, email=magik_mike@company.com)
2025-11-22 11:23:26 - Created employee: MockEmployee(id=b434cf71-0147-4a7b-9e64-be733d247d99, name=Seymour Wiza, salary=333917, age=51, title=Regional Specialist, email=teejay_thompson@company.com)
2025-11-22 11:23:26 - Created employee: MockEmployee(id=95dd8ecb-eb14-4073-a569-6cbaa78e36a0, name=Andre Jerde, salary=317392, age=65, title=Forward Community-Services Strategist, email=teejay_thompson@company.com)
2025-11-22 11:23:26 - Created employee: MockEmployee(id=0e207be9-73a7-4e74-9786-9bb5224a3d95, name=Timika Spencer, salary=233324, age=44, title=Central Hospitality Facilitator, email=omg_its_laura@company.com)
2025-11-22 11:23:26 - Created employee: MockEmployee(id=0e6dacf1-736c-411a-84aa-6ad95a6c97c4, name=Georgiann Olson, salary=249426, age=38, title=Education Designer, email=lotstring@company.com)
2025-11-22 11:23:26 - Created employee: MockEmployee(id=80e1465a-0f19-416d-86f2-516fa85486b6, name=Mrs. Nestor Romaguera, salary=203496, age=37, title=Corporate Executive, email=solarbreeze@company.com)
2025-11-22 11:23:26 - Created employee: MockEmployee(id=c2310318-e8f4-4d0a-84a8-03177fd29701, name=Mrs. Arnold Schiller, salary=331557, age=19, title=Legacy Technology Associate, email=hatity@company.com)
2025-11-22 11:23:26 - Created employee: MockEmployee(id=1f25f332-a6c6-4c28-a6e0-b3e720ddcc48, name=Mr. Wanda Vandervort, salary=269110, age=37, title=Central Legal Specialist, email=bitchin_blair@company.com)
2025-11-22 11:23:26 - Created employee: MockEmployee(id=e710bc02-7f0c-4ffb-a046-65fa98fe88bd, name=Kathaleen Schamberger, salary=370514, age=44, title=Central Developer, email=sonsing@company.com)
2025-11-22 11:23:26 - Created employee: MockEmployee(id=ca7fe8e4-0498-494c-8a8d-286b8ae077f7, name=Kevin Hudson DDS, salary=67780, age=67, title=Mining Liaison, email=sub-ex@company.com)
2025-11-22 11:23:26 - Created employee: MockEmployee(id=22f6e822-01d4-47b5-a0ba-ce912134cc96, name=Mitch Rippin, salary=468679, age=39, title=District IT Producer, email=fixsan@company.com)
2025-11-22 11:23:26 - Created employee: MockEmployee(id=51d3598e-afe0-4072-af14-f97fd87ec74c, name=Manuel Langosh, salary=262151, age=47, title=National Engineer, email=duobam@company.com)
2025-11-22 11:23:26 - Created employee: MockEmployee(id=9da72360-5c13-4859-a6eb-c1444af1e006, name=Linnea Wyman, salary=148660, age=22, title=Technology Associate, email=teejay_thompson@company.com)
2025-11-22 11:23:26 - Created employee: MockEmployee(id=aaff3e2a-f1f9-4acd-851c-2bb94c73790e, name=Miss Franklyn Romaguera, salary=255813, age=18, title=Global Advertising Engineer, email=opela@company.com)
2025-11-22 11:23:26 - Created employee: MockEmployee(id=68f98d21-fb23-4ce3-bc16-6192a65472da, name=Zora Hayes, salary=488169, age=37, title=Consulting Technician, email=fixflex@company.com)
2025-11-22 11:23:26 - Created employee: MockEmployee(id=47430fc3-e619-4661-96fe-1598b0d01619, name=Allan Legros PhD, salary=366538, age=46, title=Future Liaison, email=stim@company.com)
2025-11-22 11:23:26 - Created employee: MockEmployee(id=f75695ab-2f98-42a5-82e3-36693545064d, name=Shon Beer, salary=474867, age=32, title=Chief IT Coordinator, email=sheilababy@company.com)
2025-11-22 11:23:26 - Created employee: MockEmployee(id=c51d0c77-e762-4b66-be7b-dc9d98c7d6e4, name=Lucina Klein, salary=467103, age=51, title=Administration Consultant, email=hatity@company.com)
2025-11-22 11:23:26 - Created employee: MockEmployee(id=bb9cb747-a444-4c44-a88b-56b87d78d4e7, name=Delphine Yost, salary=142327, age=16, title=International Retail Associate, email=latlux@company.com)
2025-11-22 11:23:26 - Created employee: MockEmployee(id=941fd2f8-3e41-44c9-b5f3-157a770c797c, name=Alexis Reynolds, salary=406806, age=26, title=Regional Architect, email=alpha@company.com)
2025-11-22 11:23:26 - Created employee: MockEmployee(id=b73da6c1-b094-4922-b432-51915294261c, name=Rosana Grimes V, salary=265722, age=28, title=Consulting Agent, email=cardify@company.com)
2025-11-22 11:23:26 - Created employee: MockEmployee(id=a2e05463-755c-4799-bd14-9925ba4894db, name=Francis Kris III, salary=250957, age=49, title=National Advertising Planner, email=flexidy@company.com)
2025-11-22 11:23:26 - Created employee: MockEmployee(id=2b4a3458-37fe-4048-afaa-fa62762a4447, name=Patrick Williamson, salary=414671, age=17, title=Retail Planner, email=ronstring@company.com)
2025-11-22 11:23:26 - Created employee: MockEmployee(id=a87d4b66-a6bb-47f6-b192-0a59b4d76d76, name=Winfred Wisozk, salary=451745, age=18, title=Real-Estate Supervisor, email=lotstring@company.com)
2025-11-22 11:23:26 - Created employee: MockEmployee(id=22ccfb80-d652-4717-acb5-9d9371bf3d54, name=Kristopher Welch, salary=483636, age=53, title=Product Hospitality Agent, email=northernlightz@company.com)
2025-11-22 11:23:26 - Created employee: MockEmployee(id=08b1ffe1-97fc-4246-af27-97bdbc134235, name=Clarence Mraz, salary=486424, age=66, title=Corporate Engineer, email=fintone@company.com)
2025-11-22 11:23:26 - Created employee: MockEmployee(id=417867ac-9c18-410c-a33c-132ee49ac825, name=Alfreda Boyle, salary=186030, age=34, title=Consulting Manager, email=keylex@company.com)
2025-11-22 11:23:26 - Created employee: MockEmployee(id=a3672dd9-9733-4cc4-ad66-3ab3d8c073c4, name=Wilma Spinka, salary=414841, age=59, title=Manufacturing Specialist, email=tempsoft@company.com)
2025-11-22 11:23:26 - Created employee: MockEmployee(id=e751a451-b264-47f7-81f8-0ab9cd355c7c, name=Kaley Stamm, salary=83120, age=55, title=Regional Farming Executive, email=aerified@company.com)
2025-11-22 11:23:26 - Created employee: MockEmployee(id=6c8e0ce4-a181-4447-ad6e-d11e5b75896c, name=Mrs. Beata Hackett, salary=398694, age=17, title=Customer Farming Technician, email=tori_the_taurus@company.com)
2025-11-22 11:23:26 - Created employee: MockEmployee(id=e710ca7f-3fee-460f-b103-870934506f5d, name=Dr. Korey Jast, salary=402293, age=67, title=Regional Farming Administrator, email=overhold@company.com)
2025-11-22 11:23:26 - Created employee: MockEmployee(id=699e02e0-606e-458e-98f6-81d2fefbdb37, name=Tony Heidenreich, salary=157588, age=17, title=Central Legal Agent, email=cardguard@company.com)
2025-11-22 11:23:26 - Created employee: MockEmployee(id=5ae264e9-8c4d-4300-b68d-74845784503d, name=Epifania Heller, salary=422494, age=21, title=Legacy Advertising Planner, email=stronghold@company.com)
2025-11-22 11:23:26 - 6 mappings in 'requestMappingHandlerMapping'
2025-11-22 11:23:26 - Patterns [/webjars/**, /**] in 'resourceHandlerMapping'
2025-11-22 11:23:26 - ControllerAdvice beans: 0 @ModelAttribute, 0 @InitBinder, 1 RequestBodyAdvice, 1 ResponseBodyAdvice
2025-11-22 11:23:26 - ControllerAdvice beans: 1 @ExceptionHandler, 1 ResponseBodyAdvice
2025-11-22 11:23:26 - Tomcat started on port 8112 (http) with context path ''
2025-11-22 11:23:26 - Started ServerApplication in 0.971 seconds (process running for 1.073)
2025-11-22 11:23:50 - Initializing Spring DispatcherServlet 'dispatcherServlet'
2025-11-22 11:23:50 - Initializing Servlet 'dispatcherServlet'
2025-11-22 11:23:50 - Detected StandardServletMultipartResolver
2025-11-22 11:23:50 - Detected AcceptHeaderLocaleResolver
2025-11-22 11:23:50 - Detected FixedThemeResolver
2025-11-22 11:23:50 - Detected org.springframework.web.servlet.view.DefaultRequestToViewNameTranslator@24c66dab
2025-11-22 11:23:50 - Detected org.springframework.web.servlet.support.SessionFlashMapManager@763f4f6b
2025-11-22 11:23:50 - enableLoggingRequestDetails='false': request parameters and headers will be masked to prevent unsafe logging of potentially sensitive data
2025-11-22 11:23:50 - Completed initialization in 1 ms
2025-11-22 11:23:50 - GET "/api/v1/employee", parameters={}
2025-11-22 11:23:50 - Mapped to com.reliaquest.server.controller.MockEmployeeController#getEmployees()
2025-11-22 11:23:50 - Using 'application/json', given [application/json, application/*+json] and supported [application/json, application/*+json]
2025-11-22 11:23:50 - Writing [Response[data=[MockEmployee(id=7db29887-1838-4476-af49-01ab80102c63, name=Tashina Hane, salary=27919 (truncated)...]
2025-11-22 11:23:50 - Completed 200 OK
2025-11-22 11:24:39 - GET "/api/v1/employee", parameters={}
2025-11-22 11:24:39 - Mapped to com.reliaquest.server.controller.MockEmployeeController#getEmployees()
2025-11-22 11:24:39 - Using 'application/json', given [*/*] and supported [application/json, application/*+json]
2025-11-22 11:24:39 - Writing [Response[data=[MockEmployee(id=7db29887-1838-4476-af49-01ab80102c63, name=Tashina Hane, salary=27919 (truncated)...]
2025-11-22 11:24:39 - Completed 200 OK
2025-11-22 11:24:46 - GET "/api/v1/employee", parameters={}
2025-11-22 11:24:46 - Mapped to com.reliaquest.server.controller.MockEmployeeController#getEmployees()
2025-11-22 11:24:46 - Using 'application/json', given [*/*] and supported [application/json, application/*+json]
2025-11-22 11:24:46 - Writing [Response[data=[MockEmployee(id=7db29887-1838-4476-af49-01ab80102c63, name=Tashina Hane, salary=27919 (truncated)...]
2025-11-22 11:24:46 - Completed 200 OK
